mode: set
github.com/titaev-lv/cts-core/internal/config/config.go:11.41,13.16 2 1
github.com/titaev-lv/cts-core/internal/config/config.go:13.16,15.3 1 0
github.com/titaev-lv/cts-core/internal/config/config.go:17.2,18.51 2 1
github.com/titaev-lv/cts-core/internal/config/config.go:18.51,20.3 1 0
github.com/titaev-lv/cts-core/internal/config/config.go:23.2,23.39 1 1
github.com/titaev-lv/cts-core/internal/config/config.go:23.39,25.3 1 0
github.com/titaev-lv/cts-core/internal/config/config.go:28.2,30.18 2 1
github.com/titaev-lv/cts-core/internal/config/config.go:34.35,36.69 1 1
github.com/titaev-lv/cts-core/internal/config/config.go:36.69,38.3 1 1
github.com/titaev-lv/cts-core/internal/config/config.go:41.2,41.48 1 1
github.com/titaev-lv/cts-core/internal/config/config.go:41.48,43.3 1 1
github.com/titaev-lv/cts-core/internal/config/config.go:46.2,46.28 1 1
github.com/titaev-lv/cts-core/internal/config/config.go:46.28,48.3 1 1
github.com/titaev-lv/cts-core/internal/config/config.go:50.2,50.46 1 1
github.com/titaev-lv/cts-core/internal/config/config.go:50.46,52.3 1 0
github.com/titaev-lv/cts-core/internal/config/config.go:55.2,55.28 1 1
github.com/titaev-lv/cts-core/internal/config/config.go:55.28,57.3 1 0
github.com/titaev-lv/cts-core/internal/config/config.go:60.2,66.35 2 1
github.com/titaev-lv/cts-core/internal/config/config.go:66.35,68.3 1 1
github.com/titaev-lv/cts-core/internal/config/config.go:71.2,71.25 1 1
github.com/titaev-lv/cts-core/internal/config/config.go:71.25,73.3 1 0
github.com/titaev-lv/cts-core/internal/config/config.go:75.2,75.12 1 1
github.com/titaev-lv/cts-core/internal/config/config.go:79.38,80.52 1 1
github.com/titaev-lv/cts-core/internal/config/config.go:80.52,82.3 1 1
github.com/titaev-lv/cts-core/internal/config/config.go:84.2,84.67 1 1
github.com/titaev-lv/cts-core/internal/config/config.go:84.67,86.3 1 1
github.com/titaev-lv/cts-core/internal/config/config.go:88.2,88.60 1 1
github.com/titaev-lv/cts-core/internal/config/config.go:88.60,90.3 1 1
github.com/titaev-lv/cts-core/internal/config/config.go:94.39,96.2 1 1
github.com/titaev-lv/cts-core/internal/config/config.go:99.38,101.2 1 1
github.com/titaev-lv/cts-core/cmd/cts-core/main.go:12.13,19.16 4 0
github.com/titaev-lv/cts-core/cmd/cts-core/main.go:19.16,22.3 2 0
github.com/titaev-lv/cts-core/cmd/cts-core/main.go:25.2,25.99 1 0
github.com/titaev-lv/cts-core/cmd/cts-core/main.go:25.99,28.3 2 0
github.com/titaev-lv/cts-core/cmd/cts-core/main.go:29.2,48.9 6 0
github.com/titaev-lv/cts-core/internal/logger/logger.go:33.53,38.44 3 1
github.com/titaev-lv/cts-core/internal/logger/logger.go:38.44,39.37 1 1
github.com/titaev-lv/cts-core/internal/logger/logger.go:39.37,44.4 3 0
github.com/titaev-lv/cts-core/internal/logger/logger.go:47.2,49.15 3 1
github.com/titaev-lv/cts-core/internal/logger/logger.go:52.39,54.40 1 1
github.com/titaev-lv/cts-core/internal/logger/logger.go:54.40,56.3 1 0
github.com/titaev-lv/cts-core/internal/logger/logger.go:59.2,67.59 7 1
github.com/titaev-lv/cts-core/internal/logger/logger.go:67.59,69.3 1 0
github.com/titaev-lv/cts-core/internal/logger/logger.go:72.2,73.16 2 1
github.com/titaev-lv/cts-core/internal/logger/logger.go:73.16,75.3 1 0
github.com/titaev-lv/cts-core/internal/logger/logger.go:77.2,79.12 3 1
github.com/titaev-lv/cts-core/internal/logger/logger.go:82.38,86.2 3 1
github.com/titaev-lv/cts-core/internal/logger/logger.go:95.80,97.2 1 1
github.com/titaev-lv/cts-core/internal/logger/logger.go:99.77,108.33 6 1
github.com/titaev-lv/cts-core/internal/logger/logger.go:108.33,109.24 1 1
github.com/titaev-lv/cts-core/internal/logger/logger.go:109.24,112.4 1 0
github.com/titaev-lv/cts-core/internal/logger/logger.go:112.9,112.63 1 1
github.com/titaev-lv/cts-core/internal/logger/logger.go:112.63,115.4 2 1
github.com/titaev-lv/cts-core/internal/logger/logger.go:116.3,116.14 1 1
github.com/titaev-lv/cts-core/internal/logger/logger.go:120.2,121.25 2 1
github.com/titaev-lv/cts-core/internal/logger/logger.go:121.25,123.3 1 1
github.com/titaev-lv/cts-core/internal/logger/logger.go:124.2,127.25 2 1
github.com/titaev-lv/cts-core/internal/logger/logger.go:128.20,130.13 2 1
github.com/titaev-lv/cts-core/internal/logger/logger.go:131.10,133.13 2 0
github.com/titaev-lv/cts-core/internal/logger/logger.go:137.70,139.26 2 1
github.com/titaev-lv/cts-core/internal/logger/logger.go:139.26,140.24 1 1
github.com/titaev-lv/cts-core/internal/logger/logger.go:140.24,142.4 1 1
github.com/titaev-lv/cts-core/internal/logger/logger.go:144.2,144.13 1 1
github.com/titaev-lv/cts-core/internal/logger/logger.go:147.64,149.2 1 0
github.com/titaev-lv/cts-core/internal/logger/logger.go:151.13,153.2 1 1
github.com/titaev-lv/cts-core/internal/logger/logger.go:156.58,158.47 1 1
github.com/titaev-lv/cts-core/internal/logger/logger.go:158.47,160.3 1 0
github.com/titaev-lv/cts-core/internal/logger/logger.go:162.2,166.35 3 1
github.com/titaev-lv/cts-core/internal/logger/logger.go:167.15,168.29 1 1
github.com/titaev-lv/cts-core/internal/logger/logger.go:169.14,170.28 1 1
github.com/titaev-lv/cts-core/internal/logger/logger.go:171.14,172.28 1 1
github.com/titaev-lv/cts-core/internal/logger/logger.go:173.15,174.29 1 1
github.com/titaev-lv/cts-core/internal/logger/logger.go:175.10,176.28 1 1
github.com/titaev-lv/cts-core/internal/logger/logger.go:180.2,182.16 3 1
github.com/titaev-lv/cts-core/internal/logger/logger.go:182.16,184.3 1 0
github.com/titaev-lv/cts-core/internal/logger/logger.go:186.2,191.50 2 1
github.com/titaev-lv/cts-core/internal/logger/logger.go:191.50,193.3 1 1
github.com/titaev-lv/cts-core/internal/logger/logger.go:194.2,199.12 3 1
github.com/titaev-lv/cts-core/internal/logger/logger.go:203.38,204.16 1 1
github.com/titaev-lv/cts-core/internal/logger/logger.go:204.16,207.3 1 1
github.com/titaev-lv/cts-core/internal/logger/logger.go:208.2,208.35 1 1
github.com/titaev-lv/cts-core/internal/logger/logger.go:212.37,213.16 1 1
github.com/titaev-lv/cts-core/internal/logger/logger.go:213.16,215.3 1 1
github.com/titaev-lv/cts-core/internal/logger/logger.go:219.36,220.16 1 1
github.com/titaev-lv/cts-core/internal/logger/logger.go:220.16,222.3 1 1
github.com/titaev-lv/cts-core/internal/logger/logger.go:226.36,227.16 1 1
github.com/titaev-lv/cts-core/internal/logger/logger.go:227.16,229.3 1 1
github.com/titaev-lv/cts-core/internal/logger/logger.go:233.37,234.16 1 1
github.com/titaev-lv/cts-core/internal/logger/logger.go:234.16,236.3 1 1
github.com/titaev-lv/cts-core/internal/logger/logger.go:240.20,245.32 4 1
github.com/titaev-lv/cts-core/internal/logger/logger.go:245.32,246.35 1 1
github.com/titaev-lv/cts-core/internal/logger/logger.go:246.35,248.4 1 0
github.com/titaev-lv/cts-core/internal/logger/logger.go:249.3,249.25 1 1
github.com/titaev-lv/cts-core/internal/logger/logger.go:251.2,251.16 1 1
github.com/titaev-lv/cts-core/internal/logger/logger.go:255.28,257.2 1 1
github.com/titaev-lv/cts-core/internal/logger/logger.go:260.25,262.2 1 1
